// Jest Snapshot v1, https://goo.gl/fbAQLP

exports[`should render correctly 1`] = `
<tr
  className="MuiTableRow-root-1 MuiTableRow-hover-3"
  onClick={[Function]}
  role="checkbox"
  tabIndex={-1}
>
  <td
    aria-sort={null}
    className="MuiTableCell-root-6 MuiTableCell-paddingCheckbox-12"
  >
    <span
      className="MuiButtonBase-root-34 MuiIconButton-root-28 MuiPrivateSwitchBase-root-24 MuiCheckbox-root-18 MuiCheckbox-colorSecondary-23"
      onBlur={[Function]}
      onContextMenu={[Function]}
      onFocus={[Function]}
      onKeyDown={[Function]}
      onKeyUp={[Function]}
      onMouseDown={[Function]}
      onMouseLeave={[Function]}
      onMouseUp={[Function]}
      onTouchEnd={[Function]}
      onTouchMove={[Function]}
      onTouchStart={[Function]}
      tabIndex={null}
    >
      <span
        className="MuiIconButton-label-33"
      >
        <svg
          aria-hidden="true"
          className="MuiSvgIcon-root-37"
          focusable="false"
          role="presentation"
          viewBox="0 0 24 24"
        >
          <path
            d="M19 5v14H5V5h14m0-2H5c-1.1 0-2 .9-2 2v14c0 1.1.9 2 2 2h14c1.1 0 2-.9 2-2V5c0-1.1-.9-2-2-2z"
          />
        </svg>
        <input
          className="MuiPrivateSwitchBase-input-27"
          data-indeterminate={false}
          onChange={[Function]}
          type="checkbox"
        />
      </span>
      <span
        className="MuiTouchRipple-root-46"
      />
    </span>
  </td>
  <th
    aria-sort={null}
    className="MuiTableCell-root-6 MuiTableCell-paddingNone-13"
    scope="row"
  >
    Morteza Alizadeh
  </th>
  <td
    aria-sort={null}
    className="MuiTableCell-root-6 MuiTableCell-alignRight-16"
  >
    male
  </td>
  <td
    aria-sort={null}
    className="MuiTableCell-root-6 MuiTableCell-alignRight-16"
  >
    37
  </td>
</tr>
`;
