// Jest Snapshot v1, https://goo.gl/fbAQLP

exports[`should render correctly 1`] = `
<thead
  className="MuiTableHead-root-1"
>
  <tr
    className="MuiTableRow-root-2 MuiTableRow-head-5"
  >
    <th
      aria-sort={null}
      className="MuiTableCell-root-7 MuiTableCell-head-8 MuiTableCell-paddingCheckbox-13"
      scope="col"
    />
    <th
      aria-sort="ascending"
      className="MuiTableCell-root-7 MuiTableCell-head-8 MuiTableCell-alignLeft-15 MuiTableCell-paddingNone-14"
      scope="col"
    >
      <span
        aria-describedby={null}
        className="MuiButtonBase-root-32 MuiTableSortLabel-root-27 MuiTableSortLabel-active-28"
        onBlur={[Function]}
        onClick={[Function]}
        onContextMenu={[Function]}
        onFocus={[Function]}
        onKeyDown={[Function]}
        onKeyUp={[Function]}
        onMouseDown={[Function]}
        onMouseLeave={[Function]}
        onMouseOver={[Function]}
        onMouseUp={[Function]}
        onTouchEnd={[Function]}
        onTouchMove={[Function]}
        onTouchStart={[Function]}
        role="button"
        tabIndex="0"
        title="Sort"
      >
        columns.name
        <svg
          aria-hidden="true"
          className="MuiSvgIcon-root-35 MuiTableSortLabel-icon-29 MuiTableSortLabel-iconDirectionAsc-31"
          focusable="false"
          role="presentation"
          viewBox="0 0 24 24"
        >
          <path
            d="M20 12l-1.41-1.41L13 16.17V4h-2v12.17l-5.58-5.59L4 12l8 8 8-8z"
          />
        </svg>
      </span>
    </th>
    <th
      aria-sort={null}
      className="MuiTableCell-root-7 MuiTableCell-head-8 MuiTableCell-alignRight-17"
      scope="col"
    >
      <span
        aria-describedby={null}
        className="MuiButtonBase-root-32 MuiTableSortLabel-root-27"
        onBlur={[Function]}
        onClick={[Function]}
        onContextMenu={[Function]}
        onFocus={[Function]}
        onKeyDown={[Function]}
        onKeyUp={[Function]}
        onMouseDown={[Function]}
        onMouseLeave={[Function]}
        onMouseOver={[Function]}
        onMouseUp={[Function]}
        onTouchEnd={[Function]}
        onTouchMove={[Function]}
        onTouchStart={[Function]}
        role="button"
        tabIndex="0"
        title="Sort"
      >
        columns.gender
        <svg
          aria-hidden="true"
          className="MuiSvgIcon-root-35 MuiTableSortLabel-icon-29 MuiTableSortLabel-iconDirectionAsc-31"
          focusable="false"
          role="presentation"
          viewBox="0 0 24 24"
        >
          <path
            d="M20 12l-1.41-1.41L13 16.17V4h-2v12.17l-5.58-5.59L4 12l8 8 8-8z"
          />
        </svg>
      </span>
    </th>
    <th
      aria-sort={null}
      className="MuiTableCell-root-7 MuiTableCell-head-8 MuiTableCell-alignRight-17"
      scope="col"
    >
      <span
        aria-describedby={null}
        className="MuiButtonBase-root-32 MuiTableSortLabel-root-27"
        onBlur={[Function]}
        onClick={[Function]}
        onContextMenu={[Function]}
        onFocus={[Function]}
        onKeyDown={[Function]}
        onKeyUp={[Function]}
        onMouseDown={[Function]}
        onMouseLeave={[Function]}
        onMouseOver={[Function]}
        onMouseUp={[Function]}
        onTouchEnd={[Function]}
        onTouchMove={[Function]}
        onTouchStart={[Function]}
        role="button"
        tabIndex="0"
        title="Sort"
      >
        columns.age
        <svg
          aria-hidden="true"
          className="MuiSvgIcon-root-35 MuiTableSortLabel-icon-29 MuiTableSortLabel-iconDirectionAsc-31"
          focusable="false"
          role="presentation"
          viewBox="0 0 24 24"
        >
          <path
            d="M20 12l-1.41-1.41L13 16.17V4h-2v12.17l-5.58-5.59L4 12l8 8 8-8z"
          />
        </svg>
      </span>
    </th>
  </tr>
</thead>
`;
